// Jest Snapshot v1, https://goo.gl/fbAQLP

exports[`ReaderListItem snapshot test 1`] = `
<div
  onClick={[Function]}
>
  <div
    className="list-item-container"
  >
    <div
      className="thumbnail-container"
    >
      <img
        className="thumbnail-image"
        src="https://s15.postimg.org/6jredm53v/news.png"
      />
    </div>
    <div
      className="article-text-container"
    >
      <h2
        className="article-title"
      >
        Trump Administration Hunts for Easter Eggs, and Senior Staff
      </h2>
      <p
        className="article-author"
      >
        a few seconds ago
      </p>
      <p />
      <p
        className="article-summary"
      />
    </div>
  </div>
</div>
`;
