// Jest Snapshot v1, https://goo.gl/fbAQLP

exports[`AddFeed take a snapshot 1`] = `
<div>
  <Dialog
    actions={
      Array [
        <FlatButton
          disabled={false}
          label="Cancel"
          labelPosition="after"
          labelStyle={Object {}}
          onKeyboardFocus={[Function]}
          onMouseEnter={[Function]}
          onMouseLeave={[Function]}
          onTouchStart={[Function]}
          onTouchTap={[Function]}
          primary={true}
          secondary={false}
      />,
        <RaisedButton
          disabled={false}
          fullWidth={false}
          label="Submit"
          labelPosition="after"
          onTouchTap={[Function]}
          primary={true}
          secondary={false}
      />,
      ]
    }
    autoDetectWindowHeight={true}
    autoScrollBodyContent={false}
    contentStyle={
      Object {
        "maxWidth": "600px",
        "width": "75%",
      }
    }
    modal={false}
    onRequestClose={[Function]}
    repositionOnUpdate={true}
    title="Enter an RSS feed URL and associate a category"
  >
    <div
      className="url-input"
    >
      <TextField
        disabled={false}
        floatingLabelFixed={false}
        fullWidth={true}
        hintText="http://coolnews.rss"
        multiLine={false}
        onChange={[Function]}
        rows={1}
        type="text"
        underlineShow={true}
      />
    </div>
    <div
      className="radio-buttons"
    >
      <RadioButtonGroup
        defaultSelected="Other"
        name="categories"
        style={Object {}}
      />
    </div>
  </Dialog>
</div>
`;
