// Jest Snapshot v1, https://goo.gl/fbAQLP

exports[`Sidebar snapshot test 1`] = `
<div
  className="sidebar-container"
>
  <img
    className="sidebar-logo"
    src="https://s3-us-west-1.amazonaws.com/thesis.feedpile.images/feedpile.png"
  />
  <h2
    className="logo-name"
  >
    Feedpile
  </h2>
  <List>
    <ListItem
      autoGenerateNestedIndicator={true}
      disableKeyboardFocus={false}
      disabled={false}
      initiallyOpen={false}
      insetChildren={false}
      leftIcon={<ContentInbox />}
      nestedItems={Array []}
      nestedLevel={0}
      onKeyboardFocus={[Function]}
      onMouseEnter={[Function]}
      onMouseLeave={[Function]}
      onNestedListToggle={[Function]}
      onTouchEnd={[Function]}
      onTouchStart={[Function]}
      open={null}
      primaryText="Sent mail"
      primaryTogglesNestedList={false}
      secondaryTextLines={1}
    />
    <ListItem
      autoGenerateNestedIndicator={true}
      disableKeyboardFocus={false}
      disabled={false}
      initiallyOpen={false}
      insetChildren={false}
      leftIcon={<ContentInbox />}
      nestedItems={Array []}
      nestedLevel={0}
      onKeyboardFocus={[Function]}
      onMouseEnter={[Function]}
      onMouseLeave={[Function]}
      onNestedListToggle={[Function]}
      onTouchEnd={[Function]}
      onTouchStart={[Function]}
      open={null}
      primaryText="Drafts"
      primaryTogglesNestedList={false}
      secondaryTextLines={1}
    />
    <ListItem
      autoGenerateNestedIndicator={true}
      disableKeyboardFocus={false}
      disabled={false}
      initiallyOpen={true}
      insetChildren={false}
      leftIcon={<ContentInbox />}
      nestedItems={
        Array [
          <ListItem
            autoGenerateNestedIndicator={true}
            disableKeyboardFocus={false}
            disabled={false}
            initiallyOpen={false}
            insetChildren={false}
            leftIcon={<ContentInbox />}
            nestedItems={Array []}
            nestedLevel={0}
            onKeyboardFocus={[Function]}
            onMouseEnter={[Function]}
            onMouseLeave={[Function]}
            onNestedListToggle={[Function]}
            onTouchEnd={[Function]}
            onTouchStart={[Function]}
            open={null}
            primaryText="Starred"
            primaryTogglesNestedList={false}
            secondaryTextLines={1}
        />,
          <ListItem
            autoGenerateNestedIndicator={true}
            disableKeyboardFocus={false}
            disabled={false}
            initiallyOpen={false}
            insetChildren={false}
            leftIcon={<ContentInbox />}
            nestedItems={Array []}
            nestedLevel={0}
            onKeyboardFocus={[Function]}
            onMouseEnter={[Function]}
            onMouseLeave={[Function]}
            onNestedListToggle={[Function]}
            onTouchEnd={[Function]}
            onTouchStart={[Function]}
            open={null}
            primaryText="Sent Mail"
            primaryTogglesNestedList={false}
            secondaryTextLines={1}
        />,
          <ListItem
            autoGenerateNestedIndicator={true}
            disableKeyboardFocus={false}
            disabled={false}
            initiallyOpen={false}
            insetChildren={false}
            leftIcon={<ContentInbox />}
            nestedItems={Array []}
            nestedLevel={0}
            onKeyboardFocus={[Function]}
            onMouseEnter={[Function]}
            onMouseLeave={[Function]}
            onNestedListToggle={[Function]}
            onTouchEnd={[Function]}
            onTouchStart={[Function]}
            open={null}
            primaryText="Inbox"
            primaryTogglesNestedList={false}
            secondaryTextLines={1}
        />,
        ]
      }
      nestedLevel={0}
      onKeyboardFocus={[Function]}
      onMouseEnter={[Function]}
      onMouseLeave={[Function]}
      onNestedListToggle={[Function]}
      onTouchEnd={[Function]}
      onTouchStart={[Function]}
      open={null}
      primaryText="Inbox"
      primaryTogglesNestedList={true}
      secondaryTextLines={1}
    />
  </List>
</div>
`;
