// Jest Snapshot v1, https://goo.gl/fbAQLP

exports[`Navbar take a snapshot 1`] = `
<Navbar
  logoutSuccess={[Function]}
  profile={
    Object {
      "identities": Array [
        Object {
          "user_id": 123,
        },
      ],
      "name": "test",
    }
  }
  store={
    Object {
      "dispatch": [Function],
      "getState": [Function],
      "replaceReducer": [Function],
      "subscribe": [Function],
    }
  }
  storeSubscription={
    Subscription {
      "listeners": Object {
        "notify": [Function],
      },
      "onStateChange": [Function],
      "parentSub": undefined,
      "store": Object {
        "dispatch": [Function],
        "getState": [Function],
        "replaceReducer": [Function],
        "subscribe": [Function],
        Symbol(Symbol.observable): [Function],
      },
      "unsubscribe": null,
    }
  }
/>
`;
