// Jest Snapshot v1, https://goo.gl/fbAQLP

exports[`Landingpage: Feature list snapshot test 1`] = `
<div
  className="features"
>
  <ul
    className="features-list"
  >
    <li>
      <div
        className="feature-item"
      >
        <div
          className="icon-a"
        >
          <i>
            <pure(RssFeed)
              style={
                Object {
                  "height": "60px",
                  "marginTop": "50px",
                  "width": "60px",
                }
              }
            />
          </i>
        </div>
        <div
          className="info-a"
        >
          <ul>
            <li
              style={
                Object {
                  "fontSize": "24px",
                }
              }
            >
              Syndication
            </li>
            <br />
            <li
              className="description"
            >
              Keeping on top of the news across various sites is a hassle. Feedpile uses aggregation technology to consolidate many news outlets into a one-page application, saving you time and energy.
            </li>
          </ul>
        </div>
      </div>
    </li>
    <li>
      <div
        className="feature-item"
      >
        <div
          className="icon-b"
        >
          <i>
            <pure(StayCurrentPortrait)
              style={
                Object {
                  "height": "60px",
                  "marginTop": "50px",
                  "order": "2",
                  "width": "60px",
                }
              }
            />
          </i>
        </div>
        <div
          className="info-b"
        >
          <ul>
            <li
              style={
                Object {
                  "fontSize": "24px",
                }
              }
            >
              Responsive Design
            </li>
            <br />
            <li
              className="description"
            >
              FeedPile offers a responsive reading experience for all devices. The sleak desktop design scales down beautifully for mobile devices, so you can enjoy your favorite RSS feeds at home or on the go.
            </li>
          </ul>
        </div>
      </div>
    </li>
    <li>
      <div
        className="feature-item"
      >
        <div
          className="icon-a"
        >
          <i>
            <pure(PersonPin)
              style={
                Object {
                  "height": "60px",
                  "marginTop": "50px",
                  "order": "0",
                  "width": "60px",
                }
              }
            />
          </i>
        </div>
        <div
          className="info-a"
        >
          <ul>
            <li
              style={
                Object {
                  "fontSize": "24px",
                }
              }
            >
              Customization
            </li>
            <br />
            <li
              className="description"
            >
              Escape the monotonous echo chamber of mainstream media and curate your own personal newspaper easily by subscribing to content from your favorite sites. Store collections of feeds in categories to customize your content.
            </li>
          </ul>
        </div>
      </div>
    </li>
  </ul>
</div>
`;
