// Jest Snapshot v1, https://goo.gl/fbAQLP

exports[`ReaderList take a snapshot 1`] = `
<div
  className="reader-list-container"
>
  <Navbar />
  <ReaderListItem
    article={
      Object {
        "description": "The secretary of state said President Vladimir Putin of Russia must end his alliance with Bashar al-Assad or risk becoming irrelevant in the Middle East.",
        "image": "https://static01.nyt.com/images/2017/04/12/world/12Diplo/12Diplo-moth.jpg",
        "publisher": "New York Times",
        "title": "Tillerson Warns Russia that Assad Era Is 'Coming to an End'",
        "url": "http://www.nytimes.com/2017/04/11/world/europe/russia-syria-rex-tillerson.html",
      }
    }
  />
  <ReaderListItem
    article={
      Object {
        "description": "Administration officials have described starkly different foreign policies since last week’s cruise missile strike, and President Trump has yet to clarify.",
        "image": "https://static01.nyt.com/images/2017/04/11/us/11TRUMPSYRIA-01/11Tillerson-moth.jpg",
        "publisher": "New York Times",
        "title": "On Trump's Syria Strategy, One Voice Is Missing: Trump's",
        "url": "http://www.nytimes.com/2017/04/10/world/middleeast/syria-trump-assad.html",
      }
    }
  />
  <ReaderListItem
    article={
      Object {
        "description": "The American attack has freed leaders in Washington and Moscow from the constraints that come with the perception of a special, friendly relationship.",
        "image": "http://oi63.tinypic.com/4sbdpx.jpg",
        "publisher": "New York Times",
        "title": "Feud Over Syria Missile Strike May Have an Upside for U.S. and Russia",
        "url": "http://www.nytimes.com/2017/04/11/world/missile-strike-syria-reset-russia-us-relations.html",
      }
    }
  />
  <ReaderListItem
    article={
      Object {
        "description": "President Trump's Twitter posts capture his quandary in dealing with the nuclear threat from North Korea: Only China can realistically force a change in the behavior of Kim Jong-un.",
        "image": "https://static01.nyt.com/images/2017/04/12/world/12TrumpAsia/12TrumpAsia-moth.jpg",
        "publisher": "New York Times",
        "title": "Trump Says China Will Get Better Trade Deal if It Solves 'North Korean Problem'",
        "url": "http://www.nytimes.com/2017/04/11/world/asia/trump-china-trade-north-korea.html",
      }
    }
  />
  <ReaderListItem
    article={
      Object {
        "description": "President Trump is confronting North Korean aggression with a set of tools that has had limited success for the United States in the past.",
        "image": "https://static01.nyt.com/images/2017/04/11/us/11Korea-01/11Korea1-moth.jpg",
        "publisher": "New York Times",
        "title": "Move of U.S. Warships Shows Trump Has Few Options on North Korea",
        "url": "http://www.nytimes.com/2017/04/10/world/asia/north-korea-china-south.html",
      }
    }
  />
  <ReaderListItem
    article={
      Object {
        "description": "With key staff positions unfilled and no on-site first lady, the White House is trying to organize the most elaborate and heavily scrutinized public event of the year.",
        "image": "https://static01.nyt.com/images/2017/04/05/us/05eggroll2/05eggroll2-moth.jpg",
        "publisher": "New York Times",
        "title": "The Latest Test for the White House? Pulling Off Its Easter Egg Roll",
        "url": "http://www.nytimes.com/2017/04/11/us/politics/white-house-easter-egg-roll-trump.html",
      }
    }
  />
  <ReaderListItem
    article={
      Object {
        "description": "The White House is as much as two months behind recent standards for presidential transitions, leaving 90 percent of the positions considered critical to leadership unfilled. It did, however, manage to order the eggs for the Easter egg roll.",
        "image": "http://oi63.tinypic.com/4sbdpx.jpg",
        "publisher": "New York Times",
        "title": "Trump Administration Hunts for Easter Eggs, and Senior Staff",
        "url": "http://www.nytimes.com/video/us/politics/100000005018390/trump-administration-hunts-for-easter-eggs-and-senior-staff.html",
      }
    }
  />
  <ReaderListItem
    article={
      Object {
        "description": "The revelations highlight the lax oversight at the A.T.F. that allowed agents and informants to spend millions while avoiding the normal accounting process.",
        "image": "https://static01.nyt.com/images/2017/04/11/us/11ATF/11ATF-moth.jpg",
        "publisher": "New York Times",
        "title": "Secret A.T.F. Account Paid for $21,000 Nascar Suite and Las Vegas Trip",
        "url": "http://www.nytimes.com/2017/04/11/us/politics/alcohol-tobacco-firearms-atf.html",
      }
    }
  />
</div>
`;
