// Jest Snapshot v1, https://goo.gl/fbAQLP

exports[`Landingpage: Team section snapshot test 1`] = `
<div
  className="team-container"
  style={
    Object {
      "h1": Object {
        "fontFamily": "Roboto, sans-serif",
        "fontSize": "48px",
        "marginTop": 0,
      },
      "paddingBottom": "60px",
      "paddingTop": "60px",
      "textAlign": "center",
      "width": "100%",
    }
  }
>
  <div
    className="team"
    style={
      Object {
        "display": "flex",
        "flexWrap": "wrap",
        "justifyContent": "space-around",
      }
    }
  >
    <Teammate
      info={
        Object {
          "image": "https://s15.postimg.org/mnsiyo6ob/19718788.png",
          "job": "Software Engineer",
          "name": "Faiz Mohammad",
        }
      }
    />
    <Teammate
      info={
        Object {
          "image": "https://s21.postimg.org/l5w02gp7r/10905290.png",
          "job": "Software Engineer",
          "name": "Mohammad Farooqi",
        }
      }
    />
    <Teammate
      info={
        Object {
          "image": "https://s18.postimg.org/g99jey3nd/22188424.jpg",
          "job": "Software Engineer",
          "name": "Alex Rosenthal",
        }
      }
    />
    <Teammate
      info={
        Object {
          "image": "https://s15.postimg.org/yl8x4qctn/14929585.jpg",
          "job": "Product Owner,
         Software Engineer",
          "name": "Darin Allen",
        }
      }
    />
  </div>
</div>
`;
