// Jest Snapshot v1, https://goo.gl/fbAQLP

exports[`App snapshot test 1`] = `
<div
  className="app-container"
>
  <div
    className="sidebar-container"
  >
    <aside>
      <img
        className="sidebar-logo"
        src="https://s3-us-west-1.amazonaws.com/thesis.feedpile.images/feedpile.png"
      />
      <h2
        className="logo-name"
      >
        Feedpile
      </h2>
      <div>
        <h2
          className="category-title"
        >
          All
        </h2>
      </div>
    </aside>
  </div>
  <div
    className="reader-list-container"
  >
    <div
      className="navbar"
    >
      <p>
        Logout
      </p>
    </div>
    <div
      className="list-item-container"
    >
      <div
        className="thumbnail-container"
      >
        <img
          className="thumbnail"
          src="http://tinyurl.com/h7n8vcy"
        />
      </div>
      <div
        className="article-text-container"
      >
        <h2
          className="article-title"
        >
          Bowser
        </h2>
        <p
          className="article-publisher"
        >
          mario@mushroomkingdom.com
        </p>
        <p
          className="article-content"
        >
          Just looking for someone to capture princesses and throw fireballs with. Interests include: Gokarting, tennis, golf, parties, and mushrooms.
        </p>
      </div>
    </div>
    <div
      className="list-item-container"
    >
      <div
        className="thumbnail-container"
      >
        <img
          className="thumbnail"
          src="http://tinyurl.com/jh8nxq8"
        />
      </div>
      <div
        className="article-text-container"
      >
        <h2
          className="article-title"
        >
          Wompy
        </h2>
        <p
          className="article-publisher"
        >
          stompy@wompystompy.com
        </p>
        <p
          className="article-content"
        >
          Looking for a companion to support me in my quest to come in second place on every TV game show. Must love hairpieces, Bob Barker, and the center square.
        </p>
      </div>
    </div>
    <div
      className="list-item-container"
    >
      <div
        className="thumbnail-container"
      >
        <img
          className="thumbnail"
          src="http://tinyurl.com/gmqkunq"
        />
      </div>
      <div
        className="article-text-container"
      >
        <h2
          className="article-title"
        >
          Mr. Wiggles
        </h2>
        <p
          className="article-publisher"
        >
          tiger@hotmail.com
        </p>
        <p
          className="article-content"
        >
          Loves everything music, with the expection of children's stuff. Especially the Wiggles.
        </p>
      </div>
    </div>
    <div
      className="list-item-container"
    >
      <div
        className="thumbnail-container"
      >
        <img
          className="thumbnail"
          src="http://tinyurl.com/jsrlc5j"
        />
      </div>
      <div
        className="article-text-container"
      >
        <h2
          className="article-title"
        >
          Smokey
        </h2>
        <p
          className="article-publisher"
        >
          smokey@gmail.com
        </p>
        <p
          className="article-content"
        >
          Spends the days roaming the back country of Alberta, Canada looking for someone who will cherish and respect him.
        </p>
      </div>
    </div>
    <div
      className="list-item-container"
    >
      <div
        className="thumbnail-container"
      >
        <img
          className="thumbnail"
          src="http://tinyurl.com/h98z9cq"
        />
      </div>
      <div
        className="article-text-container"
      >
        <h2
          className="article-title"
        >
          Bub
        </h2>
        <p
          className="article-publisher"
        >
          hello@bubtastic.com
        </p>
        <p
          className="article-content"
        >
          Total comic book nerd who someday wishes to have his bones replaced with adamantium.
        </p>
      </div>
    </div>
    <div
      className="list-item-container"
    >
      <div
        className="thumbnail-container"
      >
        <img
          className="thumbnail"
          src="http://tinyurl.com/6742zga"
        />
      </div>
      <div
        className="article-text-container"
      >
        <h2
          className="article-title"
        >
          Misty
        </h2>
        <p
          className="article-publisher"
        >
          misty@aol.com
        </p>
        <p
          className="article-content"
        >
          A sweet, sentimental cat who likes to sit by the window and watch the rain fall.
        </p>
      </div>
    </div>
    <div
      className="list-item-container"
    >
      <div
        className="thumbnail-container"
      >
        <img
          className="thumbnail"
          src="http://tinyurl.com/hqkgoee"
        />
      </div>
      <div
        className="article-text-container"
      >
        <h2
          className="article-title"
        >
          Kitty
        </h2>
        <p
          className="article-publisher"
        >
          kitty@askjeeves.com
        </p>
        <p
          className="article-content"
        >
          An unimaginative cat with an unimaginative name. If you borrow Kitty, please return her with a better name.
        </p>
      </div>
    </div>
    <div
      className="list-item-container"
    >
      <div
        className="thumbnail-container"
      >
        <img
          className="thumbnail"
          src="http://tinyurl.com/jxg5seh"
        />
      </div>
      <div
        className="article-text-container"
      >
        <h2
          className="article-title"
        >
          Oscar
        </h2>
        <p
          className="article-publisher"
        >
          oscar@gmail.com
        </p>
        <p
          className="article-content"
        >
          Not to be confused with a hot dog, Oscar is a theatrical cat who longs to appear on the silver screen of your heart.
        </p>
      </div>
    </div>
  </div>
</div>
`;
