// Jest Snapshot v1, https://goo.gl/fbAQLP

exports[`Header take a snapshot 1`] = `
<div
  className="header"
>
  <AppBar
    iconElementRight={
      <FlatButton
        disabled={false}
        label="Sign in / Sign up"
        labelPosition="after"
        labelStyle={Object {}}
        onClick={[Function]}
        onKeyboardFocus={[Function]}
        onMouseEnter={[Function]}
        onMouseLeave={[Function]}
        onTouchStart={[Function]}
        primary={false}
        secondary={false}
      />
    }
    showMenuIconButton={false}
    style={
      Object {
        "backgroundColor": "#607D8B",
      }
    }
    title="Feedpile"
    zDepth={1}
  />
</div>
`;
